[{"date":"2022-06-20","manufacturer":"A","amount":200},{"date":"2022-06-19","manufacturer":"A","amount":200}]