[{"DATE":"2022-06-19","REGION":"Flanders","AGEGROUP":"21-30","DEATHS":1}]