[{"DATE":"2022-06-19","PROVINCE":"VlaamsBrabant","REGION":"Flanders","TESTS_ALL":10,"TESTS_ALL_POS":1}]