[{"DATE":"2022-06-19","PROVINCE":"VlaamsBrabant","REGION":"Flanders","TOTAL_IN":100,"TOTAL_IN_ICU":20,"TOTAL_IN_RESP":10,"TOTAL_IN_ECMO":30}]