[{"DATE":"2022-06-19","PROVINCE":"VlaamsBrabant","REGION":"Flanders","AGEGROUP":"55-54","CASES":1},{"DATE":"2022-06-19","PROVINCE":"VlaamsBrabant","REGION":"Flanders","AGEGROUP":"45-54","CASES":2}]